// Jest Snapshot v1, https://goo.gl/fbAQLP

exports[`screen: Blocks matches snapshot 1`] = `
<div
  className="makeStyles-root"
  id="Layout"
  navTitle="nfts:nfts"
>
  <div
    id="List"
  />
</div>
`;
