// Jest Snapshot v1, https://goo.gl/fbAQLP

exports[`screen: _app matches snapshot 1`] = `
Array [
  <div
    className="Toastify"
  />,
  <div
    id="component"
  />,
]
`;
