// Jest Snapshot v1, https://goo.gl/fbAQLP

exports[`screen: Transactions matches snapshot 1`] = `
<div
  className="makeStyles-root"
  id="Layout"
  navTitle="tokens:tokenDetails"
>
  start point
</div>
`;
